2026-02-23 13:27:42 [INFO] ai_intern.orchestrator: ORCHESTRATOR: Starting Request Execution
2026-02-23 13:27:42 [INFO] ai_intern.orchestrator: Stage 1: Planning
2026-02-23 13:27:42 [INFO] ai_intern.orchestrator: Using: HierarchicalPlanner (with classifier)
2026-02-23 13:27:42 [INFO] ai_intern.hierarchical: HierarchicalPlanner processing request: ce3d3694-5026-479f-ad94-b7d3e322c5c0
2026-02-23 13:27:42 [INFO] ai_intern.hierarchical: Content: Read Workouts.csv and calculate average calories, save summary...
2026-02-23 13:27:42 [INFO] ai_intern.hierarchical: Classifying: Read Workouts.csv and calculate average calories, save summa...
2026-02-23 13:27:50 [INFO] ai_intern.hierarchical: Verdict: decompose
2026-02-23 13:27:50 [INFO] ai_intern.hierarchical: Decomposing into subtasks...
2026-02-23 13:27:53 [INFO] ai_intern.hierarchical:   Subtask 0: Read file Workouts.csv...
2026-02-23 13:27:53 [INFO] ai_intern.hierarchical:   Classifying: Read file Workouts.csv...
2026-02-23 13:27:56 [INFO] ai_intern.hierarchical:   Verdict: execute
2026-02-23 13:27:56 [INFO] ai_intern.hierarchical:   Executable task (leaf node)
2026-02-23 13:27:56 [INFO] ai_intern.hierarchical:   Subtask 1: Calculate average calories from the workout data a...
2026-02-23 13:27:56 [INFO] ai_intern.hierarchical:   Classifying: Calculate average calories from the workout data and generat...
2026-02-23 13:28:00 [INFO] ai_intern.hierarchical:   Verdict: decompose
2026-02-23 13:28:00 [INFO] ai_intern.hierarchical:   Decomposing into subtasks...
2026-02-23 13:28:03 [INFO] ai_intern.hierarchical:     Subtask 0: Read file Workouts.csv...
2026-02-23 13:28:03 [INFO] ai_intern.hierarchical:     Classifying: Read file Workouts.csv...
2026-02-23 13:28:06 [INFO] ai_intern.hierarchical:     Verdict: execute
2026-02-23 13:28:06 [INFO] ai_intern.hierarchical:     Executable task (leaf node)
2026-02-23 13:28:06 [INFO] ai_intern.hierarchical:     Subtask 1: Calculate average calories from the workout data a...
2026-02-23 13:28:06 [INFO] ai_intern.hierarchical:     Classifying: Calculate average calories from the workout data and generat...
2026-02-23 13:28:10 [INFO] ai_intern.hierarchical:     Verdict: decompose
2026-02-23 13:28:10 [INFO] ai_intern.hierarchical:     Decomposing into subtasks...
2026-02-23 13:28:13 [INFO] ai_intern.hierarchical:       Subtask 0: Read file Workouts.csv...
2026-02-23 13:28:13 [INFO] ai_intern.hierarchical:       Classifying: Read file Workouts.csv...
2026-02-23 13:28:13 [WARNING] ai_intern.hierarchical:       Max depth reached, treating as executable
2026-02-23 13:28:13 [INFO] ai_intern.hierarchical:       Subtask 1: Calculate average calories from the workout data...
2026-02-23 13:28:13 [INFO] ai_intern.hierarchical:       Classifying: Calculate average calories from the workout data...
2026-02-23 13:28:13 [WARNING] ai_intern.hierarchical:       Max depth reached, treating as executable
2026-02-23 13:28:13 [INFO] ai_intern.hierarchical:       Subtask 2: Save the analysis summary to outputs/workout_summa...
2026-02-23 13:28:13 [INFO] ai_intern.hierarchical:       Classifying: Save the analysis summary to outputs/workout_summary.txt...
2026-02-23 13:28:13 [WARNING] ai_intern.hierarchical:       Max depth reached, treating as executable
2026-02-23 13:28:13 [INFO] ai_intern.hierarchical:     Subtask 2: Save the analysis summary to outputs/workout_summa...
2026-02-23 13:28:13 [INFO] ai_intern.hierarchical:     Classifying: Save the analysis summary to outputs/workout_summary.txt...
2026-02-23 13:28:16 [INFO] ai_intern.hierarchical:     Verdict: execute
2026-02-23 13:28:16 [INFO] ai_intern.hierarchical:     Executable task (leaf node)
2026-02-23 13:28:16 [INFO] ai_intern.hierarchical:   Subtask 2: Save the analysis summary to outputs/workout_summa...
2026-02-23 13:28:16 [INFO] ai_intern.hierarchical:   Classifying: Save the analysis summary to outputs/workout_summary.txt...
2026-02-23 13:28:20 [INFO] ai_intern.hierarchical:   Verdict: execute
2026-02-23 13:28:20 [INFO] ai_intern.hierarchical:   Executable task (leaf node)
2026-02-23 13:28:20 [INFO] ai_intern.hierarchical: Hierarchical plan created: 7 executable tasks
2026-02-23 13:28:20 [INFO] ai_intern.orchestrator: Generated 7 task(s)
2026-02-23 13:28:20 [INFO] ai_intern.orchestrator: Stage 2: Execution & Validation
2026-02-23 13:28:20 [INFO] ai_intern.orchestrator: Task 0: Read file Workouts.csv...
2026-02-23 13:28:20 [INFO] ai_intern.orchestrator: Attempt 1/3
2026-02-23 13:28:20 [INFO] ai_intern.routing: Routing: Detected task type 'file'
2026-02-23 13:28:20 [INFO] ai_intern.file: FileAgent processing task: 86bf61df-a1f7-4a6e-bd41-1c1cebedc5ce
2026-02-23 13:28:20 [INFO] ai_intern.file: Goal: Read file Workouts.csv...
2026-02-23 13:28:20 [INFO] ai_intern.file: Reading: Workouts.csv
2026-02-23 13:28:20 [INFO] ai_intern.file: Read 451 characters
2026-02-23 13:28:20 [INFO] ai_intern.file: File operation complete
2026-02-23 13:28:20 [INFO] ai_intern.validator: ValidationAgent processing task: 86bf61df-a1f7-4a6e-bd41-1c1cebedc5ce
2026-02-23 13:28:20 [INFO] ai_intern.validator: Goal: Read file Workouts.csv...
2026-02-23 13:28:20 [INFO] ai_intern.validator: Checking result...
2026-02-23 13:28:20 [INFO] ai_intern.validator: Validation passed (basic checks)
2026-02-23 13:28:20 [INFO] ai_intern.orchestrator: Task 0 completed successfully
2026-02-23 13:28:20 [INFO] ai_intern.orchestrator: Task 1: Read file Workouts.csv...
2026-02-23 13:28:20 [INFO] ai_intern.orchestrator: Attempt 1/3
2026-02-23 13:28:20 [INFO] ai_intern.routing: Routing: Detected task type 'file'
2026-02-23 13:28:20 [INFO] ai_intern.file: FileAgent processing task: 3baf1f88-fd73-46ea-a34d-ba66066ca8df
2026-02-23 13:28:20 [INFO] ai_intern.file: Goal: Read file Workouts.csv...
2026-02-23 13:28:20 [INFO] ai_intern.file: Reading: Workouts.csv
2026-02-23 13:28:20 [INFO] ai_intern.file: Read 451 characters
2026-02-23 13:28:20 [INFO] ai_intern.file: File operation complete
2026-02-23 13:28:20 [INFO] ai_intern.validator: ValidationAgent processing task: 3baf1f88-fd73-46ea-a34d-ba66066ca8df
2026-02-23 13:28:20 [INFO] ai_intern.validator: Goal: Read file Workouts.csv...
2026-02-23 13:28:20 [INFO] ai_intern.validator: Checking result...
2026-02-23 13:28:20 [INFO] ai_intern.validator: Validation passed (basic checks)
2026-02-23 13:28:20 [INFO] ai_intern.orchestrator: Task 1 completed successfully
2026-02-23 13:28:20 [INFO] ai_intern.orchestrator: Task 2: Read file Workouts.csv...
2026-02-23 13:28:20 [INFO] ai_intern.orchestrator: Attempt 1/3
2026-02-23 13:28:20 [INFO] ai_intern.routing: Routing: Detected task type 'file'
2026-02-23 13:28:20 [INFO] ai_intern.file: FileAgent processing task: 8fdf82c8-6f6a-4345-907d-03186a254eb5
2026-02-23 13:28:20 [INFO] ai_intern.file: Goal: Read file Workouts.csv...
2026-02-23 13:28:20 [INFO] ai_intern.file: Reading: Workouts.csv
2026-02-23 13:28:20 [INFO] ai_intern.file: Read 451 characters
2026-02-23 13:28:20 [INFO] ai_intern.file: File operation complete
2026-02-23 13:28:20 [INFO] ai_intern.validator: ValidationAgent processing task: 8fdf82c8-6f6a-4345-907d-03186a254eb5
2026-02-23 13:28:20 [INFO] ai_intern.validator: Goal: Read file Workouts.csv...
2026-02-23 13:28:20 [INFO] ai_intern.validator: Checking result...
2026-02-23 13:28:20 [INFO] ai_intern.validator: Validation passed (basic checks)
2026-02-23 13:28:20 [INFO] ai_intern.orchestrator: Task 2 completed successfully
2026-02-23 13:28:20 [INFO] ai_intern.orchestrator: Task 3: Calculate average calories from the workout data...
2026-02-23 13:28:20 [INFO] ai_intern.orchestrator: Attempt 1/3
2026-02-23 13:28:20 [INFO] ai_intern.routing: Routing: Detected task type 'analysis'
2026-02-23 13:28:20 [INFO] ai_intern.analysis: AnalysisAgent processing task: 206f1446-7bca-4e4f-a248-47b88d08c537
2026-02-23 13:28:20 [INFO] ai_intern.analysis: Goal: Calculate average calories from the workout data...
2026-02-23 13:28:29 [INFO] ai_intern.analysis: Analysis complete: 58 chars output
2026-02-23 13:28:29 [INFO] ai_intern.validator: ValidationAgent processing task: 206f1446-7bca-4e4f-a248-47b88d08c537
2026-02-23 13:28:29 [INFO] ai_intern.validator: Goal: Calculate average calories from the workout data...
2026-02-23 13:28:29 [INFO] ai_intern.validator: Checking result...
2026-02-23 13:28:29 [INFO] ai_intern.validator: Validation passed (basic checks)
2026-02-23 13:28:29 [INFO] ai_intern.orchestrator: Task 3 completed successfully
2026-02-23 13:28:29 [INFO] ai_intern.orchestrator: Task 4: Save the analysis summary to outputs/workout_summary.txt...
2026-02-23 13:28:29 [INFO] ai_intern.orchestrator: Attempt 1/3
2026-02-23 13:28:29 [INFO] ai_intern.routing: Routing: Detected task type 'file'
2026-02-23 13:28:29 [INFO] ai_intern.file: FileAgent processing task: 47d44991-ce7a-4971-8bbd-6ac7a08c36e1
2026-02-23 13:28:29 [INFO] ai_intern.file: Goal: Save the analysis summary to outputs/workout_summary.txt...
2026-02-23 13:28:29 [INFO] ai_intern.file: Using result from Task 3
2026-02-23 13:28:29 [INFO] ai_intern.file: Wrote: 2026-02-23_13-28-29_workout_summary.txt
2026-02-23 13:28:29 [INFO] ai_intern.file: File operation complete
2026-02-23 13:28:29 [INFO] ai_intern.validator: ValidationAgent processing task: 47d44991-ce7a-4971-8bbd-6ac7a08c36e1
2026-02-23 13:28:29 [INFO] ai_intern.validator: Goal: Save the analysis summary to outputs/workout_summary.txt...
2026-02-23 13:28:29 [INFO] ai_intern.validator: Checking result...
2026-02-23 13:28:29 [INFO] ai_intern.validator: Validation passed (basic checks)
2026-02-23 13:28:29 [INFO] ai_intern.orchestrator: Task 4 completed successfully
2026-02-23 13:28:29 [INFO] ai_intern.orchestrator: Task 5: Save the analysis summary to outputs/workout_summary.txt...
2026-02-23 13:28:29 [INFO] ai_intern.orchestrator: Attempt 1/3
2026-02-23 13:28:29 [INFO] ai_intern.routing: Routing: Detected task type 'file'
2026-02-23 13:28:29 [INFO] ai_intern.file: FileAgent processing task: 884f8b12-969b-40bf-a24c-23f5d3417dcb
2026-02-23 13:28:29 [INFO] ai_intern.file: Goal: Save the analysis summary to outputs/workout_summary.txt...
2026-02-23 13:28:29 [INFO] ai_intern.file: Using result from Task 4
2026-02-23 13:28:29 [INFO] ai_intern.file: Wrote: 2026-02-23_13-28-29_workout_summary.txt
2026-02-23 13:28:29 [INFO] ai_intern.file: File operation complete
2026-02-23 13:28:29 [INFO] ai_intern.validator: ValidationAgent processing task: 884f8b12-969b-40bf-a24c-23f5d3417dcb
2026-02-23 13:28:29 [INFO] ai_intern.validator: Goal: Save the analysis summary to outputs/workout_summary.txt...
2026-02-23 13:28:29 [INFO] ai_intern.validator: Checking result...
2026-02-23 13:28:29 [INFO] ai_intern.validator: Validation passed (basic checks)
2026-02-23 13:28:29 [INFO] ai_intern.orchestrator: Task 5 completed successfully
2026-02-23 13:28:29 [INFO] ai_intern.orchestrator: Task 6: Save the analysis summary to outputs/workout_summary.txt...
2026-02-23 13:28:29 [INFO] ai_intern.orchestrator: Attempt 1/3
2026-02-23 13:28:29 [INFO] ai_intern.routing: Routing: Detected task type 'file'
2026-02-23 13:28:29 [INFO] ai_intern.file: FileAgent processing task: 7dca15b4-80e1-4472-bc95-51ec8ad3270c
2026-02-23 13:28:29 [INFO] ai_intern.file: Goal: Save the analysis summary to outputs/workout_summary.txt...
2026-02-23 13:28:29 [INFO] ai_intern.file: Using result from Task 5
2026-02-23 13:28:29 [INFO] ai_intern.file: Wrote: 2026-02-23_13-28-29_workout_summary.txt
2026-02-23 13:28:29 [INFO] ai_intern.file: File operation complete
2026-02-23 13:28:29 [INFO] ai_intern.validator: ValidationAgent processing task: 7dca15b4-80e1-4472-bc95-51ec8ad3270c
2026-02-23 13:28:29 [INFO] ai_intern.validator: Goal: Save the analysis summary to outputs/workout_summary.txt...
2026-02-23 13:28:29 [INFO] ai_intern.validator: Checking result...
2026-02-23 13:28:29 [INFO] ai_intern.validator: Validation passed (basic checks)
2026-02-23 13:28:29 [INFO] ai_intern.orchestrator: Task 6 completed successfully
2026-02-23 13:28:29 [INFO] ai_intern.orchestrator: All tasks validated!
2026-02-23 13:28:29 [INFO] ai_intern.orchestrator: Total tokens: 5984
2026-02-23 13:28:29 [INFO] ai_intern.orchestrator: Final Answer:
Wrote output to: C:\Users\rylit\Desktop\Creative Projects\AI_Intern\outputs\2026-02-23_13-28-29_workout_summary.txt
2026-02-23 13:28:29 [INFO] ai_intern.orchestrator: ORCHESTRATOR: Request Complete
2026-02-23 13:29:42 [INFO] ai_intern.orchestrator: ORCHESTRATOR: Starting Request Execution
2026-02-23 13:29:42 [INFO] ai_intern.orchestrator: Stage 1: Planning
2026-02-23 13:29:42 [INFO] ai_intern.orchestrator: Using: HierarchicalPlanner (with classifier)
2026-02-23 13:29:42 [INFO] ai_intern.hierarchical: HierarchicalPlanner processing request: e8ac0dbc-72cb-4986-ac36-8f98a9303584
2026-02-23 13:29:42 [INFO] ai_intern.hierarchical: Content: Read Workouts.csv and calculate average calories, save summary...
2026-02-23 13:29:42 [INFO] ai_intern.hierarchical: Classifying: Read Workouts.csv and calculate average calories, save summa...
2026-02-23 13:29:49 [INFO] ai_intern.hierarchical: Verdict: decompose
2026-02-23 13:29:49 [INFO] ai_intern.hierarchical: Decomposing into subtasks...
2026-02-23 13:29:52 [INFO] ai_intern.hierarchical:   Subtask 0: Read file Workouts.csv...
2026-02-23 13:29:52 [INFO] ai_intern.hierarchical:   Classifying: Read file Workouts.csv...
2026-02-23 13:29:52 [INFO] ai_intern.hierarchical:   Obviously simple subtask, treating as executable
2026-02-23 13:29:52 [INFO] ai_intern.hierarchical:   Subtask 1: Calculate average calories from the workout data...
2026-02-23 13:29:52 [INFO] ai_intern.hierarchical:   Classifying: Calculate average calories from the workout data...
2026-02-23 13:29:52 [INFO] ai_intern.hierarchical:   Obviously simple subtask, treating as executable
2026-02-23 13:29:52 [INFO] ai_intern.hierarchical:   Subtask 2: Save the analysis summary to outputs/workout_summa...
2026-02-23 13:29:52 [INFO] ai_intern.hierarchical:   Classifying: Save the analysis summary to outputs/workout_summary.txt...
2026-02-23 13:29:52 [INFO] ai_intern.hierarchical:   Obviously simple subtask, treating as executable
2026-02-23 13:29:52 [INFO] ai_intern.hierarchical: Hierarchical plan created: 3 executable tasks
2026-02-23 13:29:52 [INFO] ai_intern.orchestrator: Generated 3 task(s)
2026-02-23 13:29:52 [INFO] ai_intern.orchestrator: Stage 2: Execution & Validation
2026-02-23 13:29:52 [INFO] ai_intern.orchestrator: Task 0: Read file Workouts.csv...
2026-02-23 13:29:52 [INFO] ai_intern.orchestrator: Attempt 1/3
2026-02-23 13:29:52 [INFO] ai_intern.routing: Routing: Detected task type 'file'
2026-02-23 13:29:52 [INFO] ai_intern.file: FileAgent processing task: 22ba7dd4-24be-48c4-a1d2-42abbd00f6b3
2026-02-23 13:29:52 [INFO] ai_intern.file: Goal: Read file Workouts.csv...
2026-02-23 13:29:52 [INFO] ai_intern.file: Reading: Workouts.csv
2026-02-23 13:29:52 [INFO] ai_intern.file: Read 451 characters
2026-02-23 13:29:52 [INFO] ai_intern.file: File operation complete
2026-02-23 13:29:52 [INFO] ai_intern.validator: ValidationAgent processing task: 22ba7dd4-24be-48c4-a1d2-42abbd00f6b3
2026-02-23 13:29:52 [INFO] ai_intern.validator: Goal: Read file Workouts.csv...
2026-02-23 13:29:52 [INFO] ai_intern.validator: Checking result...
2026-02-23 13:29:52 [INFO] ai_intern.validator: Validation passed (basic checks)
2026-02-23 13:29:52 [INFO] ai_intern.orchestrator: Task 0 completed successfully
2026-02-23 13:29:52 [INFO] ai_intern.orchestrator: Task 1: Calculate average calories from the workout data...
2026-02-23 13:29:52 [INFO] ai_intern.orchestrator: Attempt 1/3
2026-02-23 13:29:52 [INFO] ai_intern.routing: Routing: Detected task type 'analysis'
2026-02-23 13:29:52 [INFO] ai_intern.analysis: AnalysisAgent processing task: 664cd8e9-5378-4e6d-9397-411cfcc16f6d
2026-02-23 13:29:52 [INFO] ai_intern.analysis: Goal: Calculate average calories from the workout data...
2026-02-23 13:30:02 [INFO] ai_intern.analysis: Analysis complete: 24 chars output
2026-02-23 13:30:02 [INFO] ai_intern.validator: ValidationAgent processing task: 664cd8e9-5378-4e6d-9397-411cfcc16f6d
2026-02-23 13:30:02 [INFO] ai_intern.validator: Goal: Calculate average calories from the workout data...
2026-02-23 13:30:02 [INFO] ai_intern.validator: Checking result...
2026-02-23 13:30:02 [ERROR] ai_intern.validator: Validation failed: Result too short
2026-02-23 13:30:02 [WARNING] ai_intern.orchestrator: Validation failed, preparing retry...
2026-02-23 13:30:02 [INFO] ai_intern.orchestrator: Attempt 2/3
2026-02-23 13:30:02 [INFO] ai_intern.routing: Routing: Detected task type 'analysis'
2026-02-23 13:30:02 [INFO] ai_intern.analysis: AnalysisAgent processing task: 664cd8e9-5378-4e6d-9397-411cfcc16f6d
2026-02-23 13:30:02 [INFO] ai_intern.analysis: Goal: Calculate average calories from the workout data...
2026-02-23 13:30:09 [INFO] ai_intern.analysis: Analysis complete: 24 chars output
2026-02-23 13:30:09 [INFO] ai_intern.validator: ValidationAgent processing task: 664cd8e9-5378-4e6d-9397-411cfcc16f6d
2026-02-23 13:30:09 [INFO] ai_intern.validator: Goal: Calculate average calories from the workout data...
2026-02-23 13:30:09 [INFO] ai_intern.validator: Checking result...
2026-02-23 13:30:09 [ERROR] ai_intern.validator: Validation failed: Result too short
2026-02-23 13:30:09 [WARNING] ai_intern.orchestrator: Validation failed, preparing retry...
2026-02-23 13:30:09 [INFO] ai_intern.orchestrator: Attempt 3/3
2026-02-23 13:30:09 [INFO] ai_intern.routing: Routing: Detected task type 'analysis'
2026-02-23 13:30:09 [INFO] ai_intern.analysis: AnalysisAgent processing task: 664cd8e9-5378-4e6d-9397-411cfcc16f6d
2026-02-23 13:30:09 [INFO] ai_intern.analysis: Goal: Calculate average calories from the workout data...
2026-02-23 13:30:15 [INFO] ai_intern.analysis: Analysis complete: 24 chars output
2026-02-23 13:30:15 [INFO] ai_intern.validator: ValidationAgent processing task: 664cd8e9-5378-4e6d-9397-411cfcc16f6d
2026-02-23 13:30:15 [INFO] ai_intern.validator: Goal: Calculate average calories from the workout data...
2026-02-23 13:30:15 [INFO] ai_intern.validator: Checking result...
2026-02-23 13:30:15 [ERROR] ai_intern.validator: Validation failed: Result too short
2026-02-23 13:30:15 [ERROR] ai_intern.orchestrator: Max retries reached
2026-02-23 13:30:15 [ERROR] ai_intern.orchestrator: Task 1 failed after 3 attempts
2026-02-23 13:30:15 [INFO] ai_intern.orchestrator: Task 2: Save the analysis summary to outputs/workout_summary.txt...
2026-02-23 13:30:15 [WARNING] ai_intern.orchestrator: Task 2 skipped (dependency failed)
2026-02-23 13:30:15 [WARNING] ai_intern.orchestrator: 1 failed, 1 skipped out of 3 tasks
2026-02-23 13:30:15 [INFO] ai_intern.orchestrator: Total tokens: 2499
2026-02-23 13:30:15 [INFO] ai_intern.orchestrator: Final Answer:
File output: C:\Users\rylit\Desktop\Creative Projects\AI_Intern\user_data\Workouts.csv
File: Workouts.csv
Size: 129 bytes
Modified: 2026-02-16T16:14:37.244698

Content:
-------------------------------
2026-02-23 13:30:15 [INFO] ai_intern.orchestrator: ORCHESTRATOR: Request Failed
2026-02-23 13:31:05 [INFO] ai_intern.orchestrator: ORCHESTRATOR: Starting Request Execution
2026-02-23 13:31:05 [INFO] ai_intern.orchestrator: Stage 1: Planning
2026-02-23 13:31:05 [INFO] ai_intern.orchestrator: Using: HierarchicalPlanner (with classifier)
2026-02-23 13:31:05 [INFO] ai_intern.hierarchical: HierarchicalPlanner processing request: 0e7768d7-4f74-4a00-8469-5ba8a2fe8022
2026-02-23 13:31:05 [INFO] ai_intern.hierarchical: Content: Read Workouts.csv and calculate average calories, save summary...
2026-02-23 13:31:05 [INFO] ai_intern.hierarchical: Classifying: Read Workouts.csv and calculate average calories, save summa...
2026-02-23 13:31:11 [INFO] ai_intern.hierarchical: Verdict: decompose
2026-02-23 13:31:11 [INFO] ai_intern.hierarchical: Decomposing into subtasks...
2026-02-23 13:31:15 [INFO] ai_intern.hierarchical:   Subtask 0: Read file Workouts.csv...
2026-02-23 13:31:15 [INFO] ai_intern.hierarchical:   Classifying: Read file Workouts.csv...
2026-02-23 13:31:15 [INFO] ai_intern.hierarchical:   Obviously simple subtask, treating as executable
2026-02-23 13:31:15 [INFO] ai_intern.hierarchical:   Subtask 1: Calculate average calories from the workout data...
2026-02-23 13:31:15 [INFO] ai_intern.hierarchical:   Classifying: Calculate average calories from the workout data...
2026-02-23 13:31:15 [INFO] ai_intern.hierarchical:   Obviously simple subtask, treating as executable
2026-02-23 13:31:15 [INFO] ai_intern.hierarchical:   Subtask 2: Save the analysis summary to outputs/workout_summa...
2026-02-23 13:31:15 [INFO] ai_intern.hierarchical:   Classifying: Save the analysis summary to outputs/workout_summary.txt...
2026-02-23 13:31:15 [INFO] ai_intern.hierarchical:   Obviously simple subtask, treating as executable
2026-02-23 13:31:15 [INFO] ai_intern.hierarchical: Hierarchical plan created: 3 executable tasks
2026-02-23 13:31:15 [INFO] ai_intern.orchestrator: Generated 3 task(s)
2026-02-23 13:31:15 [INFO] ai_intern.orchestrator: Stage 2: Execution & Validation
2026-02-23 13:31:15 [INFO] ai_intern.orchestrator: Task 0: Read file Workouts.csv...
2026-02-23 13:31:15 [INFO] ai_intern.orchestrator: Attempt 1/3
2026-02-23 13:31:15 [INFO] ai_intern.routing: Routing: Detected task type 'file'
2026-02-23 13:31:15 [INFO] ai_intern.file: FileAgent processing task: 39fe531d-b020-4a1b-84a1-7af41350e39a
2026-02-23 13:31:15 [INFO] ai_intern.file: Goal: Read file Workouts.csv...
2026-02-23 13:31:15 [INFO] ai_intern.file: Reading: Workouts.csv
2026-02-23 13:31:15 [INFO] ai_intern.file: Read 444 characters
2026-02-23 13:31:15 [INFO] ai_intern.file: File operation complete
2026-02-23 13:31:15 [INFO] ai_intern.validator: ValidationAgent processing task: 39fe531d-b020-4a1b-84a1-7af41350e39a
2026-02-23 13:31:15 [INFO] ai_intern.validator: Goal: Read file Workouts.csv...
2026-02-23 13:31:15 [INFO] ai_intern.validator: Checking result...
2026-02-23 13:31:15 [INFO] ai_intern.validator: Validation passed (basic checks)
2026-02-23 13:31:15 [INFO] ai_intern.orchestrator: Task 0 completed successfully
2026-02-23 13:31:15 [INFO] ai_intern.orchestrator: Task 1: Calculate average calories from the workout data...
2026-02-23 13:31:15 [INFO] ai_intern.orchestrator: Attempt 1/3
2026-02-23 13:31:15 [INFO] ai_intern.routing: Routing: Detected task type 'analysis'
2026-02-23 13:31:15 [INFO] ai_intern.analysis: AnalysisAgent processing task: 2475db75-6217-455e-b6ee-5a928a4f476f
2026-02-23 13:31:15 [INFO] ai_intern.analysis: Goal: Calculate average calories from the workout data...
2026-02-23 13:31:24 [INFO] ai_intern.analysis: Analysis complete: 53 chars output
2026-02-23 13:31:24 [INFO] ai_intern.validator: ValidationAgent processing task: 2475db75-6217-455e-b6ee-5a928a4f476f
2026-02-23 13:31:24 [INFO] ai_intern.validator: Goal: Calculate average calories from the workout data...
2026-02-23 13:31:24 [INFO] ai_intern.validator: Checking result...
2026-02-23 13:31:24 [INFO] ai_intern.validator: Validation passed (basic checks)
2026-02-23 13:31:24 [INFO] ai_intern.orchestrator: Task 1 completed successfully
2026-02-23 13:31:24 [INFO] ai_intern.orchestrator: Task 2: Save the analysis summary to outputs/workout_summary.txt...
2026-02-23 13:31:24 [INFO] ai_intern.orchestrator: Attempt 1/3
2026-02-23 13:31:24 [INFO] ai_intern.routing: Routing: Detected task type 'file'
2026-02-23 13:31:24 [INFO] ai_intern.file: FileAgent processing task: 7f4e3d29-a40c-4084-ba95-586fca45eba2
2026-02-23 13:31:24 [INFO] ai_intern.file: Goal: Save the analysis summary to outputs/workout_summary.txt...
2026-02-23 13:31:24 [INFO] ai_intern.file: Using result from Task 1
2026-02-23 13:31:24 [INFO] ai_intern.file: Wrote: 2026-02-23_13-31-24_workout_summary.txt
2026-02-23 13:31:24 [INFO] ai_intern.file: File operation complete
2026-02-23 13:31:24 [INFO] ai_intern.validator: ValidationAgent processing task: 7f4e3d29-a40c-4084-ba95-586fca45eba2
2026-02-23 13:31:24 [INFO] ai_intern.validator: Goal: Save the analysis summary to outputs/workout_summary.txt...
2026-02-23 13:31:24 [INFO] ai_intern.validator: Checking result...
2026-02-23 13:31:24 [INFO] ai_intern.validator: Validation passed (basic checks)
2026-02-23 13:31:24 [INFO] ai_intern.orchestrator: Task 2 completed successfully
2026-02-23 13:31:24 [INFO] ai_intern.orchestrator: All tasks validated!
2026-02-23 13:31:24 [INFO] ai_intern.orchestrator: Total tokens: 1627
2026-02-23 13:31:24 [INFO] ai_intern.orchestrator: Final Answer:
Wrote output to: C:\Users\rylit\Desktop\Creative Projects\AI_Intern\outputs\2026-02-23_13-31-24_workout_summary.txt
2026-02-23 13:31:24 [INFO] ai_intern.orchestrator: ORCHESTRATOR: Request Complete
2026-02-23 13:37:52 [INFO] ai_intern.orchestrator: ORCHESTRATOR: Starting Request Execution
2026-02-23 13:37:52 [INFO] ai_intern.orchestrator: Stage 1: Planning
2026-02-23 13:37:52 [INFO] ai_intern.orchestrator: Using: HierarchicalPlanner (with classifier)
2026-02-23 13:37:52 [INFO] ai_intern.hierarchical: HierarchicalPlanner processing request: 86fab403-22ee-4abc-926c-91a24deb6b9f
2026-02-23 13:37:52 [INFO] ai_intern.hierarchical: Content: get the average calories per workout from the user workouts.csv file...
2026-02-23 13:37:52 [INFO] ai_intern.hierarchical: Classifying: get the average calories per workout from the user workouts....
2026-02-23 13:37:59 [INFO] ai_intern.hierarchical: Verdict: decompose
2026-02-23 13:37:59 [INFO] ai_intern.hierarchical: Decomposing into subtasks...
2026-02-23 13:38:02 [INFO] ai_intern.hierarchical:   Subtask 0: Read file Workouts.csv...
2026-02-23 13:38:02 [INFO] ai_intern.hierarchical:   Classifying: Read file Workouts.csv...
2026-02-23 13:38:02 [INFO] ai_intern.hierarchical:   Obviously simple subtask, treating as executable
2026-02-23 13:38:02 [INFO] ai_intern.hierarchical:   Subtask 1: Calculate average calories from the workout data...
2026-02-23 13:38:02 [INFO] ai_intern.hierarchical:   Classifying: Calculate average calories from the workout data...
2026-02-23 13:38:02 [INFO] ai_intern.hierarchical:   Obviously simple subtask, treating as executable
2026-02-23 13:38:02 [INFO] ai_intern.hierarchical:   Subtask 2: Save the analysis summary to outputs/average_calor...
2026-02-23 13:38:02 [INFO] ai_intern.hierarchical:   Classifying: Save the analysis summary to outputs/average_calories.txt...
2026-02-23 13:38:02 [INFO] ai_intern.hierarchical:   Obviously simple subtask, treating as executable
2026-02-23 13:38:02 [INFO] ai_intern.hierarchical: Hierarchical plan created: 3 executable tasks
2026-02-23 13:38:02 [INFO] ai_intern.orchestrator: Generated 3 task(s)
2026-02-23 13:38:02 [INFO] ai_intern.orchestrator: Stage 2: Execution & Validation
2026-02-23 13:38:02 [INFO] ai_intern.orchestrator: Task 0: Read file Workouts.csv...
2026-02-23 13:38:02 [INFO] ai_intern.orchestrator: Attempt 1/3
2026-02-23 13:38:02 [INFO] ai_intern.routing: Routing: Detected task type 'file'
2026-02-23 13:38:02 [INFO] ai_intern.file: FileAgent processing task: 04cfb5b5-664a-4edc-bf67-bb4b9d4940fd
2026-02-23 13:38:02 [INFO] ai_intern.file: Goal: Read file Workouts.csv...
2026-02-23 13:38:02 [INFO] ai_intern.file: Reading: Workouts.csv
2026-02-23 13:38:02 [INFO] ai_intern.file: Read 444 characters
2026-02-23 13:38:02 [INFO] ai_intern.file: File operation complete
2026-02-23 13:38:02 [INFO] ai_intern.validator: ValidationAgent processing task: 04cfb5b5-664a-4edc-bf67-bb4b9d4940fd
2026-02-23 13:38:02 [INFO] ai_intern.validator: Goal: Read file Workouts.csv...
2026-02-23 13:38:02 [INFO] ai_intern.validator: Checking result...
2026-02-23 13:38:02 [INFO] ai_intern.validator: Validation passed (basic checks)
2026-02-23 13:38:02 [INFO] ai_intern.orchestrator: Task 0 completed successfully
2026-02-23 13:38:02 [INFO] ai_intern.orchestrator: Task 1: Calculate average calories from the workout data...
2026-02-23 13:38:02 [INFO] ai_intern.orchestrator: Attempt 1/3
2026-02-23 13:38:02 [INFO] ai_intern.routing: Routing: Detected task type 'analysis'
2026-02-23 13:38:02 [INFO] ai_intern.analysis: AnalysisAgent processing task: 41934899-30d1-4ec9-9406-cbb87d6a34c0
2026-02-23 13:38:02 [INFO] ai_intern.analysis: Goal: Calculate average calories from the workout data...
2026-02-23 13:38:11 [INFO] ai_intern.analysis: Analysis complete: 24 chars output
2026-02-23 13:38:11 [INFO] ai_intern.validator: ValidationAgent processing task: 41934899-30d1-4ec9-9406-cbb87d6a34c0
2026-02-23 13:38:11 [INFO] ai_intern.validator: Goal: Calculate average calories from the workout data...
2026-02-23 13:38:11 [INFO] ai_intern.validator: Checking result...
2026-02-23 13:38:11 [INFO] ai_intern.validator: Validation passed (basic checks)
2026-02-23 13:38:11 [INFO] ai_intern.orchestrator: Task 1 completed successfully
2026-02-23 13:38:11 [INFO] ai_intern.orchestrator: Task 2: Save the analysis summary to outputs/average_calories.txt...
2026-02-23 13:38:11 [INFO] ai_intern.orchestrator: Attempt 1/3
2026-02-23 13:38:11 [INFO] ai_intern.routing: Routing: Detected task type 'file'
2026-02-23 13:38:11 [INFO] ai_intern.file: FileAgent processing task: 1d958ec9-d63b-4fc1-a63f-06e7666c3bd4
2026-02-23 13:38:11 [INFO] ai_intern.file: Goal: Save the analysis summary to outputs/average_calories.txt...
2026-02-23 13:38:11 [INFO] ai_intern.file: Using result from Task 1
2026-02-23 13:38:11 [INFO] ai_intern.file: Wrote: 2026-02-23_13-38-11_average_calories.txt
2026-02-23 13:38:11 [INFO] ai_intern.file: File operation complete
2026-02-23 13:38:11 [INFO] ai_intern.validator: ValidationAgent processing task: 1d958ec9-d63b-4fc1-a63f-06e7666c3bd4
2026-02-23 13:38:11 [INFO] ai_intern.validator: Goal: Save the analysis summary to outputs/average_calories.txt...
2026-02-23 13:38:11 [INFO] ai_intern.validator: Checking result...
2026-02-23 13:38:11 [INFO] ai_intern.validator: Validation passed (basic checks)
2026-02-23 13:38:11 [INFO] ai_intern.orchestrator: Task 2 completed successfully
2026-02-23 13:38:11 [INFO] ai_intern.orchestrator: All tasks validated!
2026-02-23 13:38:11 [INFO] ai_intern.orchestrator: Total tokens: 1557
2026-02-23 13:38:11 [INFO] ai_intern.orchestrator: Final Answer:
Wrote output to: C:\Users\rylit\Desktop\Creative Projects\AI_Intern\outputs\2026-02-23_13-38-11_average_calories.txt
2026-02-23 13:38:11 [INFO] ai_intern.orchestrator: ORCHESTRATOR: Request Complete
2026-02-23 13:39:04 [INFO] ai_intern.orchestrator: ORCHESTRATOR: Starting Request Execution
2026-02-23 13:39:04 [INFO] ai_intern.preprocessing: Preprocessed: 'avg cals from workouts' -> 'average calories from Workouts.csv'
2026-02-23 13:39:04 [INFO] ai_intern.orchestrator: Stage 1: Planning
2026-02-23 13:39:04 [INFO] ai_intern.orchestrator: Using: HierarchicalPlanner (with classifier)
2026-02-23 13:39:04 [INFO] ai_intern.hierarchical: HierarchicalPlanner processing request: c2b41c59-2e2f-4533-ae05-47756ce9a27a
2026-02-23 13:39:04 [INFO] ai_intern.hierarchical: Content: average calories from Workouts.csv...
2026-02-23 13:39:04 [INFO] ai_intern.hierarchical: Classifying: average calories from Workouts.csv...
2026-02-23 13:39:11 [INFO] ai_intern.hierarchical: Verdict: execute
2026-02-23 13:39:11 [INFO] ai_intern.hierarchical: Executable task (leaf node)
2026-02-23 13:39:11 [INFO] ai_intern.hierarchical: Hierarchical plan created: 1 executable tasks
2026-02-23 13:39:11 [INFO] ai_intern.orchestrator: Generated 1 task(s)
2026-02-23 13:39:11 [INFO] ai_intern.orchestrator: Stage 2: Execution & Validation
2026-02-23 13:39:11 [INFO] ai_intern.orchestrator: Task 0: average calories from Workouts.csv...
2026-02-23 13:39:11 [INFO] ai_intern.orchestrator: Attempt 1/3
2026-02-23 13:39:11 [INFO] ai_intern.routing: Routing: Detected task type 'file'
2026-02-23 13:39:11 [INFO] ai_intern.file: FileAgent processing task: 359a836b-8554-4cc4-b4a0-eea9ed787a2a
2026-02-23 13:39:11 [INFO] ai_intern.file: Goal: average calories from Workouts.csv...
2026-02-23 13:39:11 [ERROR] ai_intern.file: Unknown file operation
2026-02-23 13:39:11 [INFO] ai_intern.validator: ValidationAgent processing task: 359a836b-8554-4cc4-b4a0-eea9ed787a2a
2026-02-23 13:39:11 [INFO] ai_intern.validator: Goal: average calories from Workouts.csv...
2026-02-23 13:39:11 [ERROR] ai_intern.validator: Validation failed: No result to validate
2026-02-23 13:39:11 [WARNING] ai_intern.orchestrator: Validation failed, preparing retry...
2026-02-23 13:39:11 [INFO] ai_intern.orchestrator: Attempt 2/3
2026-02-23 13:39:11 [INFO] ai_intern.routing: Routing: Detected task type 'file'
2026-02-23 13:39:11 [INFO] ai_intern.file: FileAgent processing task: 359a836b-8554-4cc4-b4a0-eea9ed787a2a
2026-02-23 13:39:11 [INFO] ai_intern.file: Goal: average calories from Workouts.csv...
2026-02-23 13:39:11 [ERROR] ai_intern.file: Unknown file operation
2026-02-23 13:39:11 [INFO] ai_intern.validator: ValidationAgent processing task: 359a836b-8554-4cc4-b4a0-eea9ed787a2a
2026-02-23 13:39:11 [INFO] ai_intern.validator: Goal: average calories from Workouts.csv...
2026-02-23 13:39:11 [ERROR] ai_intern.validator: Validation failed: No result to validate
2026-02-23 13:39:11 [WARNING] ai_intern.orchestrator: Validation failed, preparing retry...
2026-02-23 13:39:11 [INFO] ai_intern.orchestrator: Attempt 3/3
2026-02-23 13:39:11 [INFO] ai_intern.routing: Routing: Detected task type 'file'
2026-02-23 13:39:11 [INFO] ai_intern.file: FileAgent processing task: 359a836b-8554-4cc4-b4a0-eea9ed787a2a
2026-02-23 13:39:11 [INFO] ai_intern.file: Goal: average calories from Workouts.csv...
2026-02-23 13:39:11 [ERROR] ai_intern.file: Unknown file operation
2026-02-23 13:39:11 [INFO] ai_intern.validator: ValidationAgent processing task: 359a836b-8554-4cc4-b4a0-eea9ed787a2a
2026-02-23 13:39:11 [INFO] ai_intern.validator: Goal: average calories from Workouts.csv...
2026-02-23 13:39:11 [ERROR] ai_intern.validator: Validation failed: No result to validate
2026-02-23 13:39:11 [ERROR] ai_intern.orchestrator: Max retries reached
2026-02-23 13:39:11 [ERROR] ai_intern.orchestrator: Task 0 failed after 3 attempts
2026-02-23 13:39:11 [WARNING] ai_intern.orchestrator: 1/1 tasks failed
2026-02-23 13:39:11 [INFO] ai_intern.orchestrator: Total tokens: 444
2026-02-23 13:39:11 [INFO] ai_intern.orchestrator: Final Answer:
No tasks completed successfully.
2026-02-23 13:39:11 [INFO] ai_intern.orchestrator: ORCHESTRATOR: Request Failed
2026-02-23 13:39:29 [INFO] ai_intern.orchestrator: ORCHESTRATOR: Starting Request Execution
2026-02-23 13:39:29 [INFO] ai_intern.preprocessing: Preprocessed: 'avg cals from workouts' -> 'average calories from Workouts.csv'
2026-02-23 13:39:29 [INFO] ai_intern.orchestrator: Stage 1: Planning
2026-02-23 13:39:29 [INFO] ai_intern.orchestrator: Using: HierarchicalPlanner (with classifier)
2026-02-23 13:39:29 [INFO] ai_intern.hierarchical: HierarchicalPlanner processing request: 9538c121-6eda-4995-8f8f-e36ee3a8425e
2026-02-23 13:39:29 [INFO] ai_intern.hierarchical: Content: average calories from Workouts.csv...
2026-02-23 13:39:29 [INFO] ai_intern.hierarchical: Classifying: average calories from Workouts.csv...
2026-02-23 13:39:33 [INFO] ai_intern.hierarchical: Verdict: execute
2026-02-23 13:39:33 [INFO] ai_intern.hierarchical: Executable task (leaf node)
2026-02-23 13:39:33 [INFO] ai_intern.hierarchical: Hierarchical plan created: 1 executable tasks
2026-02-23 13:39:33 [INFO] ai_intern.orchestrator: Generated 1 task(s)
2026-02-23 13:39:33 [INFO] ai_intern.orchestrator: Stage 2: Execution & Validation
2026-02-23 13:39:33 [INFO] ai_intern.orchestrator: Task 0: average calories from Workouts.csv...
2026-02-23 13:39:33 [INFO] ai_intern.orchestrator: Attempt 1/3
2026-02-23 13:39:33 [INFO] ai_intern.routing: Routing: Detected task type 'file'
2026-02-23 13:39:33 [INFO] ai_intern.file: FileAgent processing task: 0d03a350-529b-4e9a-b5a5-3d71a7c9d127
2026-02-23 13:39:33 [INFO] ai_intern.file: Goal: average calories from Workouts.csv...
2026-02-23 13:39:33 [ERROR] ai_intern.file: Unknown file operation
2026-02-23 13:39:33 [INFO] ai_intern.validator: ValidationAgent processing task: 0d03a350-529b-4e9a-b5a5-3d71a7c9d127
2026-02-23 13:39:33 [INFO] ai_intern.validator: Goal: average calories from Workouts.csv...
2026-02-23 13:39:33 [ERROR] ai_intern.validator: Validation failed: No result to validate
2026-02-23 13:39:33 [WARNING] ai_intern.orchestrator: Validation failed, preparing retry...
2026-02-23 13:39:33 [INFO] ai_intern.orchestrator: Attempt 2/3
2026-02-23 13:39:33 [INFO] ai_intern.routing: Routing: Detected task type 'file'
2026-02-23 13:39:33 [INFO] ai_intern.file: FileAgent processing task: 0d03a350-529b-4e9a-b5a5-3d71a7c9d127
2026-02-23 13:39:33 [INFO] ai_intern.file: Goal: average calories from Workouts.csv...
2026-02-23 13:39:33 [ERROR] ai_intern.file: Unknown file operation
2026-02-23 13:39:33 [INFO] ai_intern.validator: ValidationAgent processing task: 0d03a350-529b-4e9a-b5a5-3d71a7c9d127
2026-02-23 13:39:33 [INFO] ai_intern.validator: Goal: average calories from Workouts.csv...
2026-02-23 13:39:33 [ERROR] ai_intern.validator: Validation failed: No result to validate
2026-02-23 13:39:33 [WARNING] ai_intern.orchestrator: Validation failed, preparing retry...
2026-02-23 13:39:33 [INFO] ai_intern.orchestrator: Attempt 3/3
2026-02-23 13:39:33 [INFO] ai_intern.routing: Routing: Detected task type 'file'
2026-02-23 13:39:33 [INFO] ai_intern.file: FileAgent processing task: 0d03a350-529b-4e9a-b5a5-3d71a7c9d127
2026-02-23 13:39:33 [INFO] ai_intern.file: Goal: average calories from Workouts.csv...
2026-02-23 13:39:33 [ERROR] ai_intern.file: Unknown file operation
2026-02-23 13:39:33 [INFO] ai_intern.validator: ValidationAgent processing task: 0d03a350-529b-4e9a-b5a5-3d71a7c9d127
2026-02-23 13:39:33 [INFO] ai_intern.validator: Goal: average calories from Workouts.csv...
2026-02-23 13:39:33 [ERROR] ai_intern.validator: Validation failed: No result to validate
2026-02-23 13:39:33 [ERROR] ai_intern.orchestrator: Max retries reached
2026-02-23 13:39:33 [ERROR] ai_intern.orchestrator: Task 0 failed after 3 attempts
2026-02-23 13:39:33 [WARNING] ai_intern.orchestrator: 1/1 tasks failed
2026-02-23 13:39:33 [INFO] ai_intern.orchestrator: Total tokens: 446
2026-02-23 13:39:33 [INFO] ai_intern.orchestrator: Final Answer:
No tasks completed successfully.
2026-02-23 13:39:33 [INFO] ai_intern.orchestrator: ORCHESTRATOR: Request Failed
2026-02-23 14:32:57 [INFO] ai_intern.orchestrator: ORCHESTRATOR: Starting Request Execution
2026-02-23 14:32:57 [INFO] ai_intern.orchestrator: Stage 1: Planning
2026-02-23 14:32:57 [INFO] ai_intern.orchestrator: Using: HierarchicalPlanner (with classifier)
2026-02-23 14:32:57 [INFO] ai_intern.hierarchical: HierarchicalPlanner processing request: 915f5a4b-0044-4190-9e76-785565e42f6a
2026-02-23 14:32:57 [INFO] ai_intern.hierarchical: Content: read nonexistent.csv...
2026-02-23 14:32:57 [INFO] ai_intern.hierarchical: Classifying: read nonexistent.csv...
2026-02-23 14:33:04 [INFO] ai_intern.hierarchical: Verdict: clarify
2026-02-23 14:33:04 [INFO] ai_intern.hierarchical: Clarifying ambiguous task...
2026-02-23 14:33:08 [INFO] ai_intern.hierarchical: Clarified: Load data from the file named 'correctly_named.csv' located ...
2026-02-23 14:33:08 [INFO] ai_intern.hierarchical: Hierarchical plan created: 1 executable tasks
2026-02-23 14:33:08 [INFO] ai_intern.orchestrator: Generated 1 task(s)
2026-02-23 14:33:08 [INFO] ai_intern.orchestrator: Stage 2: Execution & Validation
2026-02-23 14:33:08 [INFO] ai_intern.orchestrator: Task 0: Load data from the file named 'correctly_named.csv' located ...
2026-02-23 14:33:08 [INFO] ai_intern.orchestrator: Attempt 1/3
2026-02-23 14:33:08 [INFO] ai_intern.routing: Routing: Detected task type 'file'
2026-02-23 14:33:08 [INFO] ai_intern.file: FileAgent processing task: 19043fa8-32ad-424d-831a-208985f5a09e
2026-02-23 14:33:08 [INFO] ai_intern.file: Goal: Load data from the file named 'correctly_named.csv' located in the 'data' folder...
2026-02-23 14:33:08 [ERROR] ai_intern.file: File operation failed: File 'correctly_named.csv' not found. Available files: FoodLog.csv, Workouts.csv
2026-02-23 14:33:08 [ERROR] ai_intern.file: Goal was: Load data from the file named 'correctly_named.csv' located in the 'data' folder within the project directory using Python's pandas library, and then print the first five rows of the DataFrame.
2026-02-23 14:33:08 [INFO] ai_intern.validator: ValidationAgent processing task: 19043fa8-32ad-424d-831a-208985f5a09e
2026-02-23 14:33:08 [INFO] ai_intern.validator: Goal: Load data from the file named 'correctly_named.csv' located in the 'data' folder...
2026-02-23 14:33:08 [ERROR] ai_intern.validator: Validation failed: No result to validate
2026-02-23 14:33:08 [WARNING] ai_intern.orchestrator: Validation failed, preparing retry...
2026-02-23 14:33:08 [INFO] ai_intern.orchestrator: Attempt 2/3
2026-02-23 14:33:08 [INFO] ai_intern.routing: Routing: Detected task type 'file'
2026-02-23 14:33:08 [INFO] ai_intern.file: FileAgent processing task: 19043fa8-32ad-424d-831a-208985f5a09e
2026-02-23 14:33:08 [INFO] ai_intern.file: Goal: Load data from the file named 'correctly_named.csv' located in the 'data' folder...
2026-02-23 14:33:08 [ERROR] ai_intern.file: File operation failed: File 'correctly_named.csv' not found. Available files: FoodLog.csv, Workouts.csv
2026-02-23 14:33:08 [ERROR] ai_intern.file: Goal was: Load data from the file named 'correctly_named.csv' located in the 'data' folder within the project directory using Python's pandas library, and then print the first five rows of the DataFrame.
2026-02-23 14:33:08 [INFO] ai_intern.validator: ValidationAgent processing task: 19043fa8-32ad-424d-831a-208985f5a09e
2026-02-23 14:33:08 [INFO] ai_intern.validator: Goal: Load data from the file named 'correctly_named.csv' located in the 'data' folder...
2026-02-23 14:33:08 [ERROR] ai_intern.validator: Validation failed: No result to validate
2026-02-23 14:33:08 [WARNING] ai_intern.orchestrator: Validation failed, preparing retry...
2026-02-23 14:33:08 [INFO] ai_intern.orchestrator: Attempt 3/3
2026-02-23 14:33:08 [INFO] ai_intern.routing: Routing: Detected task type 'file'
2026-02-23 14:33:08 [INFO] ai_intern.file: FileAgent processing task: 19043fa8-32ad-424d-831a-208985f5a09e
2026-02-23 14:33:08 [INFO] ai_intern.file: Goal: Load data from the file named 'correctly_named.csv' located in the 'data' folder...
2026-02-23 14:33:08 [ERROR] ai_intern.file: File operation failed: File 'correctly_named.csv' not found. Available files: FoodLog.csv, Workouts.csv
2026-02-23 14:33:08 [ERROR] ai_intern.file: Goal was: Load data from the file named 'correctly_named.csv' located in the 'data' folder within the project directory using Python's pandas library, and then print the first five rows of the DataFrame.
2026-02-23 14:33:08 [INFO] ai_intern.validator: ValidationAgent processing task: 19043fa8-32ad-424d-831a-208985f5a09e
2026-02-23 14:33:08 [INFO] ai_intern.validator: Goal: Load data from the file named 'correctly_named.csv' located in the 'data' folder...
2026-02-23 14:33:08 [ERROR] ai_intern.validator: Validation failed: No result to validate
2026-02-23 14:33:08 [ERROR] ai_intern.orchestrator: Max retries reached
2026-02-23 14:33:08 [ERROR] ai_intern.orchestrator: Task 0 failed after 3 attempts
2026-02-23 14:33:08 [WARNING] ai_intern.orchestrator: 1/1 tasks failed
2026-02-23 14:33:08 [INFO] ai_intern.orchestrator: Total tokens: 764
2026-02-23 14:33:08 [INFO] ai_intern.orchestrator: Final Answer:
No tasks completed successfully.
2026-02-23 14:33:08 [INFO] ai_intern.orchestrator: ORCHESTRATOR: Request Failed
